PS C:\Users\gubba\git-course> git push origin main
Enumerating objects: 4, done.
Counting objects: 100% (4/4), done.
Delta compression using up to 18 threads
PS C:\Users\gubba\git-course> git remote -v
origin  git@github.com:gubbarohith2001-coder/git-course.git (fetch)
origin  git@github.com:gubbarohith2001-coder/git-course.git (push)
PS C:\Users\gubba\git-course> git tag -a 1.0 -m "version 1"
PS C:\Users\gubba\git-course> git tag
1.0
PS C:\Users\gubba\git-course> git show v1.0
fatal: ambiguous argument 'v1.0': unknown revision or path not in the working tree.
Use '--' to separate paths from revisions, like this:
'git <command> [<revision>...] -- [<file>...]'
PS C:\Users\gubba\git-course> git show 1.0 
tag 1.0
Tagger: gubba rohith <gubbarohith2001@gmail.com>
Date:   Mon Jan 5 15:38:37 2026 +0530

version 1

commit d1fcc2ebc6583a6f20f95e73e91aa84c3e1591a7 (HEAD -> main, tag: 1.0, origin/main)
Author: gubba rohith <gubbarohith2001@gmail.com>
Date:   Mon Jan 5 12:24:14 2026 +0530

    user service created
PS C:\Users\gubba\git-course> git status
On branch main
Your branch is up to date with 'origin/main'.

Changes not staged for commit:
  (use "git add <file>..." to update what will be committed)
  (use "git restore <file>..." to discard changes in working directory)
        modified:   userservice.txt

no changes added to commit (use "git add" and/or "git commit -a")
PS C:\Users\gubba\git-course> git add userservice.txt
warning: in the working copy of 'userservice.txt', CRLF will be replaced by LF the next time Git touches it
PS C:\Users\gubba\git-course> 
PS C:\Users\gubba\git-course> git commit -m "user service created"
[main 9e69a5d] user service created
 1 file changed, 2 insertions(+), 1 deletion(-)
PS C:\Users\gubba\git-course> git push origin main
Enumerating objects: 5, done.
Counting objects: 100% (5/5), done.
Delta compression using up to 18 threads
Compressing objects: 100% (2/2), done.
Writing objects: 100% (3/3), 328 bytes | 164.00 KiB/s, done.
Total 3 (delta 0), reused 0 (delta 0), pack-reused 0 (from 0)
To github.com:gubbarohith2001-coder/git-course.git
   d1fcc2e..9e69a5d  main -> main
PS C:\Users\gubba\git-course> git tag -a 1.1 -m "2 nd version"
PS C:\Users\gubba\git-course> git tag                         
1.0
1.1
PS C:\Users\gubba\git-course> git push origin tag 1.0 1.1
Enumerating objects: 2, done.
Counting objects: 100% (2/2), done.
Delta compression using up to 18 threads
Compressing objects: 100% (2/2), done.
Writing objects: 100% (2/2), 290 bytes | 290.00 KiB/s, done.
Total 2 (delta 0), reused 0 (delta 0), pack-reused 0 (from 0)
To github.com:gubbarohith2001-coder/git-course.git
 * [new tag]         1.0 -> 1.0
 * [new tag]         1.1 -> 1.1
PS C:\Users\gubba\git-course>
 *  History restored 

PS C:\Users\gubba\git-course> git status
On branch main
Your branch is up to date with 'origin/main'.

nothing to commit, working tree clean
PS C:\Users\gubba\git-course> git checkout -b feature1
Switched to a new branch 'feature1'
PS C:\Users\gubba\git-course> git branch
* feature1
  main
PS C:\Users\gubba\git-course> 
PS C:\Users\gubba\git-course> git add userservice.tx
fatal: pathspec 'userservice.tx' did not match any files
PS C:\Users\gubba\git-course> git add userservice.txt
warning: in the working copy of 'userservice.txt', CRLF will be replaced by LF the next time Git touches it
PS C:\Users\gubba\git-course> 
PS C:\Users\gubba\git-course> git status
On branch feature1
Changes to be committed:
  (use "git restore --staged <file>..." to unstage)
        modified:   userservice.txt

PS C:\Users\gubba\git-course> git commit -m "user service created in new branch feature"
[feature1 20aa320] user service created in new branch feature
 1 file changed, 4 insertions(+), 1 deletion(-)
PS C:\Users\gubba\git-course> git log
commit 20aa320b9dacb958bac75c63e80fe10f18291f31 (HEAD -> feature1)
Author: gubba rohith <gubbarohith2001@gmail.com>
Date:   Mon Jan 5 16:32:33 2026 +0530

    user service created in new branch feature

commit 9e69a5da803cb58e276ee14d4225bf29d5f211e7 (tag: 1.1, origin/main, main)
Author: gubba rohith <gubbarohith2001@gmail.com>
Date:   Mon Jan 5 15:42:39 2026 +0530

    user service created

commit d1fcc2ebc6583a6f20f95e73e91aa84c3e1591a7 (tag: 1.0)
Author: gubba rohith <gubbarohith2001@gmail.com>
Date:   Mon Jan 5 12:24:14 2026 +0530

    user service created

commit c8f06cd19503048538169a98f189ec3ba002c71a
Author: gubba rohith <gubbarohith2001@gmail.com>
Date:   Sun Jan 4 20:37:37 2026 +0530

    my first msg
PS C:\Users\gubba\git-course> git switch main
Switched to branch 'main'
Your branch is up to date with 'origin/main'.
PS C:\Users\gubba\git-course> git switch --  
fatal: missing branch or commit argument
PS C:\Users\gubba\git-course> git switch - 
Switched to branch 'feature1'
PS C:\Users\gubba\git-course> git switch -c feature2
Switched to a new branch 'feature2'
PS C:\Users\gubba\git-course> git branch
  feature1
* feature2
  main
PS C:\Users\gubba\git-course> git branch -all
error: did you mean `--all` (with two dashes)?
PS C:\Users\gubba\git-course> git branch --all
  feature1
* feature2
  main
  remotes/origin/main
PS C:\Users\gubba\git-course> git branch -d feature2
error: cannot delete branch 'feature2' used by worktree at 'C:/Users/gubba/git-course'
PS C:\Users\gubba\git-course> git switch - 
Switched to branch 'feature1'
PS C:\Users\gubba\git-course> git branch -d feature2
Deleted branch feature2 (was 20aa320).
PS C:\Users\gubba\git-course> git branch      
* feature1
  main
PS C:\Users\gubba\git-course> git add admin.txt      
warning: in the working copy of 'admin.txt', CRLF will be replaced by LF the next time Git touches it
PS C:\Users\gubba\git-course> git commit -m "new file in feature1"
[feature1 4122d6c] new file in feature1
 1 file changed, 2 insertions(+)
 create mode 100644 admin.txt
PS C:\Users\gubba\git-course> git switch main
Switched to branch 'main'
Your branch is up to date with 'origin/main'.
PS C:\Users\gubba\git-course> git switch feature1
Switched to branch 'feature1'
PS C:\Users\gubba\git-course> git push origin feature1
Enumerating objects: 8, done.
Counting objects: 100% (8/8), done.
Delta compression using up to 18 threads
Compressing objects: 100% (5/5), done.
Writing objects: 100% (6/6), 668 bytes | 668.00 KiB/s, done.
Total 6 (delta 0), reused 0 (delta 0), pack-reused 0 (from 0)
remote: 
remote: Create a pull request for 'feature1' on GitHub by visiting:
remote:      https://github.com/gubbarohith2001-coder/git-course/pull/new/feature1
remote:
To github.com:gubbarohith2001-coder/git-course.git
 * [new branch]      feature1 -> feature1
PS C:\Users\gubba\git-course> git log
commit 4122d6cbbce72d274c3a6218bba94c7f2a124c87 (HEAD -> feature1, origin/feature1)
Author: gubba rohith <gubbarohith2001@gmail.com>
Date:   Mon Jan 5 16:44:07 2026 +0530

    new file in feature1

commit 20aa320b9dacb958bac75c63e80fe10f18291f31
Author: gubba rohith <gubbarohith2001@gmail.com>
Date:   Mon Jan 5 16:32:33 2026 +0530

    user service created in new branch feature
PS C:\Users\gubba\git-course> git log --graph
* commit 4122d6cbbce72d274c3a6218bba94c7f2a124c87 (HEAD -> feature1, origin/feature1)
| Author: gubba rohith <gubbarohith2001@gmail.com>
| Date:   Mon Jan 5 16:44:07 2026 +0530
|
|     new file in feature1
|
* commit 20aa320b9dacb958bac75c63e80fe10f18291f31
| Author: gubba rohith <gubbarohith2001@gmail.com>
| Date:   Mon Jan 5 16:32:33 2026 +0530
|
|     user service created in new branch feature
|
* commit 9e69a5da803cb58e276ee14d4225bf29d5f211e7 (tag: 1.1, origin/main, main)
| Author: gubba rohith <gubbarohith2001@gmail.com>
| Date:   Mon Jan 5 15:42:39 2026 +0530
|
|     user service created
|
|
* commit d1fcc2ebc6583a6f20f95e73e91aa84c3e1591a7 (tag: 1.0)
| Author: gubba rohith <gubbarohith2001@gmail.com>
| Date:   Mon Jan 5 12:24:14 2026 +0530
|
|     user service created
|
* commit c8f06cd19503048538169a98f189ec3ba002c71a
  Author: gubba rohith <gubbarohith2001@gmail.com>
  Date:   Sun Jan 4 20:37:37 2026 +0530

 ESCOC











 ESCOD
|     user service created
|
* commit d1fcc2ebc6583a6f20f95e73e91aa84c3e1591a7 (tag: 1.0)
| Author: gubba rohith <gubbarohith2001@gmail.com>
| Date:   Mon Jan 5 12:24:14 2026 +0530
|
|     user service created
|
* commit c8f06cd19503048538169a98f189ec3ba002c71a
  Author: gubba rohith <gubbarohith2001@gmail.com>
  Date:   Sun Jan 4 20:37:37 2026 +0530
PS C:\Users\gubba\git-course> git brsnch
git: 'brsnch' is not a git command. See 'git --help'.

The most similar command is
        branch
PS C:\Users\gubba\git-course> git branch       
* feature1
  main
PS C:\Users\gubba\git-course> git switch
fatal: missing branch or commit argument
PS C:\Users\gubba\git-course> git switch -
Switched to branch 'main'
Your branch is up to date with 'origin/main'.
PS C:\Users\gubba\git-course> git pull origin main    
From github.com:gubbarohith2001-coder/git-course
 * branch            main       -> FETCH_HEAD
Already up to date.
PS C:\Users\gubba\git-course> git brsnch
git: 'brsnch' is not a git command. See 'git --help'.

The most similar command is
        branch
PS C:\Users\gubba\git-course> git branch          
  feature1
* main
PS C:\Users\gubba\git-course> git switch -        
Switched to branch 'feature1'
PS C:\Users\gubba\git-course> git pull origin main
From github.com:gubbarohith2001-coder/git-course
 * branch            main       -> FETCH_HEAD
Already up to date.
PS C:\Users\gubba\git-course> git switch -        
Switched to branch 'main'
Your branch is up to date with 'origin/main'.
PS C:\Users\gubba\git-course> git merge feature1  
Updating 9e69a5d..4122d6c
Fast-forward
 admin.txt       | 2 ++
 userservice.txt | 5 ++++-
 2 files changed, 6 insertions(+), 1 deletion(-)
 create mode 100644 admin.txt
PS C:\Users\gubba\git-course> git push origin main
Total 0 (delta 0), reused 0 (delta 0), pack-reused 0 (from 0)
To github.com:gubbarohith2001-coder/git-course.git
   9e69a5d..4122d6c  main -> main
PS C:\Users\gubba\git-course> 